<html>
<body>
<pre>
<h1>µVision Build Log</h1>
<h2>Project:</h2>
C:\Users\saadm\OneDrive\Desktop\Engineering\Junior\Spring\Embedded\Project\GPS-Tracking-System\Keil Project\First Milestone.uvproj
Project File Date:  05/01/2024

<h2>Output:</h2>
Build target 'Target 1'
compiling DIO_program.c...
linking...
Program Size: Code=1720 RO-data=652 RW-data=4 ZI-data=516  
".\First Milestone.axf" - 0 Error(s), 0 Warning(s).
</pre>
</body>
</html>
eDrive\\Desktop\\Engineering\\Junior\\Spring\\Embedded\\Project\\GPS-Tracking-System\\Keil Project\\First Milestone.axf" 
Connecting: Mode=JTAG, Speed=1000000Hz
Erase Done.
Programming Done.
Verify OK.
ol truncate (referred from dio_program.o).
Not enough information to list image symbols.
Finished: 1 information, 0 warning and 1 error messages.
".\First Milestone.axf" - 1 Error(s), 1 Warning(s).
Target not created
e.axf" - 1 Error(s), 2 Warning(s).
Target not created
ocal_f32latDifference / 2) * sin(Local_f32latDifference / 2) + cos(Local_f32startLat) * cos(Local_f32endLat)
..\CODES\DIO_program.c(188): warning:  #223-D: function "atan2" declared implicitly
      f32 Local_f32c = 2 * atan2(sqrt(Local_f32a), sqrt(1 - Local_f32a));
..\CODES\DIO_program.c(188): warning:  #223-D: function "sqrt" declared implicitly
      f32 Local_f32c = 2 * atan2(sqrt(Local_f32a), sqrt(1 - Local_f32a));
..\CODES\DIO_program.c: 6 warnings, 0 errors
linking...
.\First Milestone.axf: Error: L6218E: Undefined symbol truncate (referred from dio_program.o).
Not enough information to list image symbols.
Finished: 1 information, 0 warning and 1 error messages.
".\First Milestone.axf" - 1 Error(s), 6 Warning(s).
Target not created
on, 0 warning and 2 error messages.
".\First Milestone.axf" - 2 Error(s), 6 Warning(s).
Target not created
));
..\CODES\DIO_program.c: 8 warnings, 1 error
".\First Milestone.axf" - 1 Error(s), 8 Warning(s).
Target not created
                ((void *)0)
..\CODES\main.c: 1 warning, 0 errors
".\First Milestone.axf" - 1 Error(s), 8 Warning(s).
Target not created
compiling main.c...
..\CODES\STD_TYPES.h(5): warning:  #47-D: incompatible redefinition of macro "NULL" (declared at line 56 of "C:\Keil\ARM\ARMCC\bin\..\include\stdlib.h")
  #define NULL                                  ((void *)0)
..\CODES\STD_TYPES.h(26): warning:  #1-D: last line of file ends without a newline
  #endif /*the end of STD_TYPES_H */
..\CODES\DIO_interface.h(64): warning:  #1-D: last line of file ends without a newline
  #endif
..\CODES\DIO_private.h(340): warning:  #1-D: last line of file ends without a newline
  #define Earth_Radius        6371000
..\CODES\main.c: 4 warnings, 0 errors
".\First Milestone.axf" - 1 Error(s), 14 Warning(s).
Target not created
 file ends without a newline
  }
..\CODES\main.c: 5 warnings, 0 errors
".\First Milestone.axf" - 1 Error(s), 15 Warning(s).
Target not created
